export const snapshot = {};

snapshot[`emits GitHub Actions YAML in definition order 1`] = `
name: CI
on:
  push: {}
  pull_request: {}
permissions:
  contents: read
jobs:
  test:
    runs-on:
      - SELF-HOSTED
      - x64
      - linux
    needs:
      - build
    steps:
      - name: Test
        id: test-step
        if: github.ref == 'refs/heads/main'
        continue-on-error: true
        run: deno test

      - run: |-
          echo first
          echo second

  deploy:
    runs-on:
      group: production-runners
      labels:
        - self-hosted
        - x64
        - linux
    needs:
      - test
      - build
    steps:
      - name: Deploy
        run: ./deploy

  build:
    runs-on: ubuntu-latest
    steps:
      - name: Checkout
        uses: actions/checkout@v6
        with:
          persist-credentials: "false"
          fetch-depth: "1"

      - name: Build
        run: deno task build

`;
