export const snapshot = {};

snapshot[`Deno language server exposes only context-valid authoring candidates 1`] = `
{
  "composite-draft": 'const actionDraft: CompositeDraft<"actions/greet/action.yml", {
    readonly name: "Greet";
    readonly description: "Greeting";
    readonly inputs: {
        readonly who: {
            readonly description: "Recipient";
            readonly required: true;
        };
    };
    readonly outputs: {
        readonly greeting: {
            readonly description: "Greeting";
        };
    };
}>',
  "composite-method": '(method) CStepBase<"actions/greet/action.yml", "composite", { readonly one: NS<"one", readonly ["value"]>; readonly two: TR<"two", { readonly who: string; }, SkippableOutputs<{ readonly value: { readonly contract: ValueContract<string, "text">; readonly required: true; }; }>>; }, ... 6 more ..., never>.task<Id, I, O, C, F, K>(definition: TaskOptions<Id, I, O, E, {
    readonly one: NS<"one", readonly ["value"]>;
    readonly two: TR<"two", {
        readonly who: string;
    }, SkippableOutputs<{
        readonly value: {
            readonly contract: ValueContract<string, "text">;
            readonly required: true;
        };
    }>>;
}, E, string, never, {
    readonly who: string;
}, never, C, K, string> & (HasTaskInputs<I, K> extends true ? Readonly<{
    inputs: object;
}> : unknown) & (keyof O extends never ? unknown : Readonly<{
    outputs: object;
}>) & Readonly<{
    timeoutMinutes?: never;
    background?: never;
    workingDirectory?: string;
    outputs?: O | undefined;
    if?: C | undefined;
    continueOnError?: F | ((context: Scope<"jobs.<job_id>.steps.continue-on-error", E, OutputMap<{
        readonly one: NS<"one", readonly ["value"]>;
        readonly two: TR<"two", {
            readonly who: string;
        }, SkippableOutputs<{
            readonly value: {
                readonly contract: ValueContract<string, "text">;
                readonly required: true;
            };
        }>>;
    }>, E, string, never, {
        readonly who: string;
    }>) => F) | undefined;
    id?: Exclude<Id, "one" | "two"> | undefined;
}>): CStep<"actions/greet/action.yml", "composite", AddTaskReference<Id, I, EffectiveOutputs<O, C, F>, {
    readonly one: NS<"one", readonly ["value"]>;
    readonly two: TR<"two", {
        readonly who: string;
    }, SkippableOutputs<{
        readonly value: {
            readonly contract: ValueContract<string, "text">;
            readonly required: true;
        };
    }>>;
}, false, string>, {
    readonly secrets: never;
    readonly inputs: {
        readonly who: string;
    };
}>',
  "composite-signature": 'run(definition: { readonly name: "Next"; readonly shell: "bash"; readonly run: "true"; } & Readonly<{ shell: string; timeoutMinutes?: never; background?: never; }>): CStep<"actions/greet/action.yml", "composite", { readonly one: NS<"one", readonly ["value"]>; readonly two: TR<"two", { readonly who: string; }, SkippableOutputs<{ readonly value: { readonly contract: ValueContract<string, "text">; readonly required: true; }; }>>; }, { ...; }>',
  "composite-start": '(parameter) step: Pick<CStep<"actions/greet/action.yml", "composite", E, {
    readonly secrets: never;
    readonly inputs: {
        readonly who: string;
    };
}>, "run" | "uses" | "task">',
  "composite-steps": 'const state: CStep<"actions/greet/action.yml", "composite", {
    readonly one: NS<"one", readonly ["value"]>;
    readonly two: TR<"two", {
        readonly who: string;
    }, SkippableOutputs<{
        readonly value: {
            readonly contract: ValueContract<string, "text">;
            readonly required: true;
        };
    }>>;
}, {
    readonly secrets: never;
    readonly inputs: {
        readonly who: string;
    };
}>',
  "expression-callback": '(parameter) context: Scope<"jobs.<job_id>.steps.env", {
    readonly build: JobOutputNames<{
        readonly version: Ref<string, "steps.build.outputs.version">;
    }>;
}, OutputMap<{
    readonly test: NS<"test", readonly []>;
    readonly report: NS<"report", readonly []>;
}>, {
    readonly os: "ubuntu-latest" | "macos-latest";
}, string, string, WorkflowInputs<{
    readonly push: {};
}>, never, string>',
  "job-callback": '(parameter) job: Job<"ci.yml", "test", {
    readonly build: JR<"ci.yml", "build", JobOutputNames<{
        readonly version: Ref<string, "steps.build.outputs.version">;
    }>, TJ<{
        readonly build: NS<"build", readonly ["version"]>;
    }, E>>;
}, {
    readonly inputs: WorkflowInputs<{
        readonly push: {};
    }>;
}>',
  "job-needs": 'const dependent: DepJob<"ci.yml", "test", {
    readonly build: JobOutputNames<{
        readonly version: Ref<string, "steps.build.outputs.version">;
    }>;
}, {
    readonly inputs: WorkflowInputs<{
        readonly push: {};
    }>;
}>',
  "job-scope": '(parameter) context: JobScope<"ci.yml", "scope", {
    readonly build: JR<"ci.yml", "build", JobOutputNames<{
        readonly version: Ref<string, "steps.build.outputs.version">;
    }>, TJ<{
        readonly build: NS<"build", readonly ["version"]>;
    }, E>>;
}, {
    readonly inputs: WorkflowInputs<{
        readonly push: {};
    }>;
}>',
  "presence-proof": 'const state: Step<"ci.yml", "read", {
    readonly read: TR<"read", {
        readonly value: string;
    }, SkippableOutputs<{}>>;
}, {
    readonly needs: {
        readonly source: JobOutputNames<{
            readonly value: TypedReference<string, ValueContract<string, "text">, "steps.emit.outputs.value", false>;
        }>;
    };
    readonly inputs: WorkflowInputs<{
        readonly push: {};
    }>;
    readonly proof: "needs.source.outputs.value";
}>',
  "reusable-job": 'const caller: CallJob<"ci.yml", "caller", {
    readonly inputs: WorkflowInputs<{
        readonly push: {};
    }>;
}>',
  "simple-step-signature": 'run(definition: { readonly id: "one"; readonly name: "One"; readonly run: "true"; }): Step<"ci.yml", "simple", { readonly one: NS<"one", readonly []>; }, { readonly inputs: WorkflowInputs<{ readonly push: {}; }>; }>',
  "step-method": '(method) StepBase<"ci.yml", "test", { readonly test: NS<"test", readonly []>; readonly report: NS<"report", readonly []>; }, { readonly build: JobOutputNames<{ readonly version: Ref<string, "steps.build.outputs.version">; }>; }, ... 7 more ..., false>.run<D>(definition: AvailableStepDefinition<D, {
    readonly test: NS<"test", readonly []>;
    readonly report: NS<"report", readonly []>;
}>): Step<"ci.yml", "test", { readonly [K in keyof AddStepReference<D, {
    readonly test: NS<"test", readonly []>;
    readonly report: NS<"report", readonly []>;
}, "ci.yml#test">]: AddStepReference<D, {
    readonly test: NS<"test", readonly []>;
    readonly report: NS<"report", readonly []>;
}, "ci.yml#test">[K]; }, {
    readonly needs: {
        readonly build: JobOutputNames<{
            readonly version: Ref<string, "steps.build.outputs.version">;
        }>;
    };
    readonly matrix: {
        readonly os: "ubuntu-latest" | "macos-latest";
    };
    readonly inputs: WorkflowInputs<{
        readonly push: {};
    }>;
}>',
  "step-signature": 'run(definition: { readonly name: "Next"; readonly run: "true"; }): Step<"ci.yml", "test", { readonly test: NS<"test", readonly []>; readonly report: NS<"report", readonly []>; }, { readonly needs: { readonly build: JobOutputNames<{ readonly version: Ref<string, "steps.build.outputs.version">; }>; }; readonly matrix: { ...; }; readonly inputs: WorkflowInputs<...>; }>',
  "task-cache-job": "(parameter) job: TaskArtifactCacheJob",
  "task-cache-run-signature": 'run(definition: Omit<RunStepDefinition, "background">): TaskArtifactCacheJob',
  "task-callback": '(parameter) context: TaskContext<{
    who: {
        readonly from: Expression<"world", never, undefined, false>;
    };
}, {
    readonly greeting: {
        readonly required: true;
    };
}, never>',
  "typed-task": 'const state: Step<"ci.yml", "task", {
    readonly emit: TR<"emit", {
        readonly who: string;
    }, SkippableOutputs<{
        readonly greeting: {
            readonly required: true;
        };
    }>>;
}, {
    readonly inputs: WorkflowInputs<{
        readonly push: {};
    }>;
}>',
  "workflow-draft": 'const draft: WorkflowStart<"ci.yml", {
    readonly inputs: WorkflowInputs<{
        readonly push: {};
    }>;
}>',
  "workflow-method": '(method) WorkflowBase<"ci.yml", { readonly build: JR<"ci.yml", "build", JobOutputNames<{ readonly version: Ref<string, "steps.build.outputs.version">; }>, TJ<{ readonly build: NS<"build", readonly [...]>; }, E>>; }, ... 4 more ..., WorkflowInputs<...>>.job<JobId, Result>(id: AvailableJobId<JobId, {
    readonly build: JR<"ci.yml", "build", JobOutputNames<{
        readonly version: Ref<string, "steps.build.outputs.version">;
    }>, TJ<{
        readonly build: NS<"build", readonly ["version"]>;
    }, E>>;
}>, define: (scope: JobScope<"ci.yml", JobId, {
    readonly build: JR<"ci.yml", "build", JobOutputNames<{
        readonly version: Ref<string, "steps.build.outputs.version">;
    }>, TJ<{
        readonly build: NS<"build", readonly ["version"]>;
    }, E>>;
}, {
    readonly inputs: WorkflowInputs<{
        readonly push: {};
    }>;
}>) => Result): Workflow<"ci.yml", AddJobReference<"ci.yml", JobId, {
    readonly build: JR<"ci.yml", "build", JobOutputNames<{
        readonly version: Ref<string, "steps.build.outputs.version">;
    }>, TJ<{
        readonly build: NS<"build", readonly ["version"]>;
    }, E>>;
}, Result>, {
    readonly inputs: WorkflowInputs<{
        readonly push: {};
    }>;
}>',
  "workflow-signature": 'job(id: "next", define: (scope: JobScope<"ci.yml", "next", { readonly build: JR<"ci.yml", "build", JobOutputNames<{ readonly version: Ref<string, "steps.build.outputs.version">; }>, TJ<{ readonly build: NS<"build", readonly [...]>; }, E>>; }, { ...; }>) => Step<...>): Workflow<"ci.yml", { readonly build: JR<"ci.yml", "build", JobOutputNames<{ readonly version: Ref<string, "steps.build.outputs.version">; }>, TJ<{ readonly build: NS<"build", readonly ["version"]>; }, E>>; readonly next: JR<...>; }, { ...; }>',
  composite: 'const action: Composite<{
    readonly name: "Greet";
    readonly description: "Greeting";
    readonly inputs: {
        readonly who: {
            readonly description: "Recipient";
            readonly required: true;
        };
    };
    readonly outputs: {
        readonly greeting: {
            readonly description: "Greeting";
        };
    };
}>',
  execution: 'const execution: Exec<"ci.yml", "test", {
    readonly needs: {
        readonly build: JobOutputNames<{
            readonly version: Ref<string, "steps.build.outputs.version">;
        }>;
    };
    readonly matrix: {
        readonly os: "ubuntu-latest" | "macos-latest";
    };
    readonly inputs: WorkflowInputs<{
        readonly push: {};
    }>;
}>',
  steps: 'const state: Step<"ci.yml", "test", {
    readonly test: NS<"test", readonly []>;
    readonly report: NS<"report", readonly []>;
}, {
    readonly needs: {
        readonly build: JobOutputNames<{
            readonly version: Ref<string, "steps.build.outputs.version">;
        }>;
    };
    readonly matrix: {
        readonly os: "ubuntu-latest" | "macos-latest";
    };
    readonly inputs: WorkflowInputs<{
        readonly push: {};
    }>;
}>',
  workflow: 'const flow: Workflow<"ci.yml", {
    readonly test: JR<"ci.yml", "test", readonly [], TJ<{
        readonly test: NS<"test", readonly []>;
    }, E>>;
    readonly build: JR<"ci.yml", "build", JobOutputNames<{
        readonly version: Ref<string, "steps.build.outputs.version">;
    }>, TJ<{
        readonly build: NS<"build", readonly ["version"]>;
    }, E>>;
}, {
    readonly inputs: WorkflowInputs<{
        readonly push: {};
    }>;
}>',
}
`;
